[2026-03-23 15:21:29] Wayback lookup failed: https://www.shinhan.com/hpe/index.jsp?w2xPath=%2Fhpe%2Fcustomer%2FCS08%2FCS08008RP01.xml | 2005-12-31 | HTTPSConnectionPool(host='web.archive.org', port=443): Read timed out. (read timeout=30)
[2026-03-23 15:24:42] Wayback lookup failed: https://www.shinhan.com/hpe/index.jsp?w2xPath=%2Fhpe%2Fcustomer%2FCS08%2FCS08008RP01.xml | 2010-12-31 | HTTPSConnectionPool(host='web.archive.org', port=443): Max retries exceeded with url: /cdx/search/cdx?url=https%3A%2F%2Fwww.shinhan.com%2Fhpe%2Findex.jsp%3Fw2xPath%3D%252Fhpe%252Fcustomer%252FCS08%252FCS08008RP01.xml&from=2010&to=2010&output=json&fl=timestamp%2Coriginal%2Cstatuscode%2Cmimetype&filter=statuscode%3A200&limit=50 (Caused by NewConnectionError('<urllib3.connection.HTTPSConnection object at 0x000002EB44E9F890>: Failed to establish a new connection: [WinError 10061] 대상 컴퓨터에서 연결을 거부했으므로 연결하지 못했습니다'))
[2026-03-23 15:24:47] Wayback lookup failed: https://www.shinhan.com/hpe/index.jsp?w2xPath=%2Fhpe%2Fcustomer%2FCS08%2FCS08008RP01.xml | 2011-03-31 | HTTPSConnectionPool(host='web.archive.org', port=443): Max retries exceeded with url: /cdx/search/cdx?url=https%3A%2F%2Fwww.shinhan.com%2Fhpe%2Findex.jsp%3Fw2xPath%3D%252Fhpe%252Fcustomer%252FCS08%252FCS08008RP01.xml&from=2011&to=2011&output=json&fl=timestamp%2Coriginal%2Cstatuscode%2Cmimetype&filter=statuscode%3A200&limit=50 (Caused by NewConnectionError('<urllib3.connection.HTTPSConnection object at 0x000002EB44E9E210>: Failed to establish a new connection: [WinError 10061] 대상 컴퓨터에서 연결을 거부했으므로 연결하지 못했습니다'))
[2026-03-23 15:24:51] Wayback lookup failed: https://www.shinhan.com/hpe/index.jsp?w2xPath=%2Fhpe%2Fcustomer%2FCS08%2FCS08008RP01.xml | 2011-06-30 | HTTPSConnectionPool(host='web.archive.org', port=443): Max retries exceeded with url: /cdx/search/cdx?url=https%3A%2F%2Fwww.shinhan.com%2Fhpe%2Findex.jsp%3Fw2xPath%3D%252Fhpe%252Fcustomer%252FCS08%252FCS08008RP01.xml&from=2011&to=2011&output=json&fl=timestamp%2Coriginal%2Cstatuscode%2Cmimetype&filter=statuscode%3A200&limit=50 (Caused by NewConnectionError('<urllib3.connection.HTTPSConnection object at 0x000002EB44E9F390>: Failed to establish a new connection: [WinError 10061] 대상 컴퓨터에서 연결을 거부했으므로 연결하지 못했습니다'))
[2026-03-23 15:24:56] Wayback lookup failed: https://www.shinhan.com/hpe/index.jsp?w2xPath=%2Fhpe%2Fcustomer%2FCS08%2FCS08008RP01.xml | 2011-09-30 | HTTPSConnectionPool(host='web.archive.org', port=443): Max retries exceeded with url: /cdx/search/cdx?url=https%3A%2F%2Fwww.shinhan.com%2Fhpe%2Findex.jsp%3Fw2xPath%3D%252Fhpe%252Fcustomer%252FCS08%252FCS08008RP01.xml&from=2011&to=2011&output=json&fl=timestamp%2Coriginal%2Cstatuscode%2Cmimetype&filter=statuscode%3A200&limit=50 (Caused by NewConnectionError('<urllib3.connection.HTTPSConnection object at 0x000002EB44E9FC50>: Failed to establish a new connection: [WinError 10061] 대상 컴퓨터에서 연결을 거부했으므로 연결하지 못했습니다'))
[2026-03-23 15:25:01] Wayback lookup failed: https://www.shinhan.com/hpe/index.jsp?w2xPath=%2Fhpe%2Fcustomer%2FCS08%2FCS08008RP01.xml | 2011-12-31 | HTTPSConnectionPool(host='web.archive.org', port=443): Max retries exceeded with url: /cdx/search/cdx?url=https%3A%2F%2Fwww.shinhan.com%2Fhpe%2Findex.jsp%3Fw2xPath%3D%252Fhpe%252Fcustomer%252FCS08%252FCS08008RP01.xml&from=2011&to=2011&output=json&fl=timestamp%2Coriginal%2Cstatuscode%2Cmimetype&filter=statuscode%3A200&limit=50 (Caused by NewConnectionError('<urllib3.connection.HTTPSConnection object at 0x000002EB61DFC050>: Failed to establish a new connection: [WinError 10061] 대상 컴퓨터에서 연결을 거부했으므로 연결하지 못했습니다'))
[2026-03-23 15:25:25] Wayback lookup failed: https://www.shinhan.com/hpe/index.jsp?w2xPath=%2Fhpe%2Fcustomer%2FCS08%2FCS08008RP01.xml | 2012-06-30 | HTTPSConnectionPool(host='web.archive.org', port=443): Max retries exceeded with url: /cdx/search/cdx?url=https%3A%2F%2Fwww.shinhan.com%2Fhpe%2Findex.jsp%3Fw2xPath%3D%252Fhpe%252Fcustomer%252FCS08%252FCS08008RP01.xml&from=2012&to=2012&output=json&fl=timestamp%2Coriginal%2Cstatuscode%2Cmimetype&filter=statuscode%3A200&limit=50 (Caused by NewConnectionError('<urllib3.connection.HTTPSConnection object at 0x000002EB61DFC410>: Failed to establish a new connection: [WinError 10061] 대상 컴퓨터에서 연결을 거부했으므로 연결하지 못했습니다'))
[2026-03-23 15:25:30] Wayback lookup failed: https://www.shinhan.com/hpe/index.jsp?w2xPath=%2Fhpe%2Fcustomer%2FCS08%2FCS08008RP01.xml | 2012-09-30 | HTTPSConnectionPool(host='web.archive.org', port=443): Max retries exceeded with url: /cdx/search/cdx?url=https%3A%2F%2Fwww.shinhan.com%2Fhpe%2Findex.jsp%3Fw2xPath%3D%252Fhpe%252Fcustomer%252FCS08%252FCS08008RP01.xml&from=2012&to=2012&output=json&fl=timestamp%2Coriginal%2Cstatuscode%2Cmimetype&filter=statuscode%3A200&limit=50 (Caused by NewConnectionError('<urllib3.connection.HTTPSConnection object at 0x000002EB61DFC910>: Failed to establish a new connection: [WinError 10061] 대상 컴퓨터에서 연결을 거부했으므로 연결하지 못했습니다'))
[2026-03-23 15:26:14] Wayback lookup failed: https://www.shinhan.com/hpe/index.jsp?w2xPath=%2Fhpe%2Fcustomer%2FCS08%2FCS08008RP01.xml | 2013-12-31 | HTTPSConnectionPool(host='web.archive.org', port=443): Max retries exceeded with url: /cdx/search/cdx?url=https%3A%2F%2Fwww.shinhan.com%2Fhpe%2Findex.jsp%3Fw2xPath%3D%252Fhpe%252Fcustomer%252FCS08%252FCS08008RP01.xml&from=2013&to=2013&output=json&fl=timestamp%2Coriginal%2Cstatuscode%2Cmimetype&filter=statuscode%3A200&limit=50 (Caused by NewConnectionError('<urllib3.connection.HTTPSConnection object at 0x000002EB44E9FD90>: Failed to establish a new connection: [WinError 10061] 대상 컴퓨터에서 연결을 거부했으므로 연결하지 못했습니다'))
[2026-03-23 15:26:19] Wayback lookup failed: https://www.shinhan.com/hpe/index.jsp?w2xPath=%2Fhpe%2Fcustomer%2FCS08%2FCS08008RP01.xml | 2014-03-31 | HTTPSConnectionPool(host='web.archive.org', port=443): Max retries exceeded with url: /cdx/search/cdx?url=https%3A%2F%2Fwww.shinhan.com%2Fhpe%2Findex.jsp%3Fw2xPath%3D%252Fhpe%252Fcustomer%252FCS08%252FCS08008RP01.xml&from=2014&to=2014&output=json&fl=timestamp%2Coriginal%2Cstatuscode%2Cmimetype&filter=statuscode%3A200&limit=50 (Caused by NewConnectionError('<urllib3.connection.HTTPSConnection object at 0x000002EB44E9F9D0>: Failed to establish a new connection: [WinError 10061] 대상 컴퓨터에서 연결을 거부했으므로 연결하지 못했습니다'))
[2026-03-23 15:28:00] Wayback lookup failed: https://www.shinhan.com/hpe/index.jsp?w2xPath=%2Fhpe%2Fcustomer%2FCS08%2FCS08008RP01.xml | 2015-12-31 | HTTPSConnectionPool(host='web.archive.org', port=443): Read timed out. (read timeout=30)
[2026-03-23 15:28:32] Wayback lookup failed: https://www.shinhan.com/hpe/index.jsp?w2xPath=%2Fhpe%2Fcustomer%2FCS08%2FCS08008RP01.xml | 2016-03-31 | HTTPSConnectionPool(host='web.archive.org', port=443): Read timed out. (read timeout=30)
[2026-03-23 15:29:08] Wayback lookup failed: https://www.shinhan.com/hpe/index.jsp?w2xPath=%2Fhpe%2Fcustomer%2FCS08%2FCS08008RP01.xml | 2016-09-30 | HTTPSConnectionPool(host='web.archive.org', port=443): Read timed out. (read timeout=30)
[2026-03-23 15:30:30] Wayback lookup failed: https://www.shinhan.com/hpe/index.jsp?w2xPath=%2Fhpe%2Fcustomer%2FCS08%2FCS08008RP01.xml | 2017-09-30 | HTTPSConnectionPool(host='web.archive.org', port=443): Read timed out. (read timeout=30)
[2026-03-23 15:32:39] Wayback lookup failed: https://www.shinhan.com/hpe/index.jsp?w2xPath=%2Fhpe%2Fcustomer%2FCS08%2FCS08008RP01.xml | 2019-12-31 | HTTPSConnectionPool(host='web.archive.org', port=443): Read timed out. (read timeout=30)
[2026-03-23 15:35:09] Wayback lookup failed: https://spot.wooribank.com/pot/Dream?withyou=FXDEP0005 | 2006-12-31 | HTTPSConnectionPool(host='web.archive.org', port=443): Read timed out. (read timeout=30)
[2026-03-23 15:36:10] Wayback lookup failed: https://spot.wooribank.com/pot/Dream?withyou=FXDEP0005 | 2008-03-31 | HTTPSConnectionPool(host='web.archive.org', port=443): Read timed out. (read timeout=30)
[2026-03-23 15:36:43] Wayback lookup failed: https://spot.wooribank.com/pot/Dream?withyou=FXDEP0005 | 2008-06-30 | HTTPSConnectionPool(host='web.archive.org', port=443): Read timed out. (read timeout=30)
[2026-03-23 15:37:15] Wayback lookup failed: https://spot.wooribank.com/pot/Dream?withyou=FXDEP0005 | 2008-09-30 | HTTPSConnectionPool(host='web.archive.org', port=443): Read timed out. (read timeout=30)
[2026-03-23 15:40:16] Wayback lookup failed: https://spot.wooribank.com/pot/Dream?withyou=FXDEP0005 | 2013-03-31 | HTTPSConnectionPool(host='web.archive.org', port=443): Max retries exceeded with url: /cdx/search/cdx?url=https%3A%2F%2Fspot.wooribank.com%2Fpot%2FDream%3Fwithyou%3DFXDEP0005&from=2013&to=2013&output=json&fl=timestamp%2Coriginal%2Cstatuscode%2Cmimetype&filter=statuscode%3A200&limit=50 (Caused by NewConnectionError('<urllib3.connection.HTTPSConnection object at 0x000002EB61DFE710>: Failed to establish a new connection: [WinError 10061] 대상 컴퓨터에서 연결을 거부했으므로 연결하지 못했습니다'))
[2026-03-23 15:40:26] Wayback lookup failed: https://spot.wooribank.com/pot/Dream?withyou=FXDEP0005 | 2013-09-30 | HTTPSConnectionPool(host='web.archive.org', port=443): Max retries exceeded with url: /cdx/search/cdx?url=https%3A%2F%2Fspot.wooribank.com%2Fpot%2FDream%3Fwithyou%3DFXDEP0005&from=2013&to=2013&output=json&fl=timestamp%2Coriginal%2Cstatuscode%2Cmimetype&filter=statuscode%3A200&limit=50 (Caused by NewConnectionError('<urllib3.connection.HTTPSConnection object at 0x000002EB61DFE990>: Failed to establish a new connection: [WinError 10061] 대상 컴퓨터에서 연결을 거부했으므로 연결하지 못했습니다'))
[2026-03-23 15:40:30] Wayback lookup failed: https://spot.wooribank.com/pot/Dream?withyou=FXDEP0005 | 2013-12-31 | HTTPSConnectionPool(host='web.archive.org', port=443): Max retries exceeded with url: /cdx/search/cdx?url=https%3A%2F%2Fspot.wooribank.com%2Fpot%2FDream%3Fwithyou%3DFXDEP0005&from=2013&to=2013&output=json&fl=timestamp%2Coriginal%2Cstatuscode%2Cmimetype&filter=statuscode%3A200&limit=50 (Caused by NewConnectionError('<urllib3.connection.HTTPSConnection object at 0x000002EB44E9E490>: Failed to establish a new connection: [WinError 10061] 대상 컴퓨터에서 연결을 거부했으므로 연결하지 못했습니다'))
[2026-03-23 15:40:35] Wayback lookup failed: https://spot.wooribank.com/pot/Dream?withyou=FXDEP0005 | 2014-03-31 | HTTPSConnectionPool(host='web.archive.org', port=443): Max retries exceeded with url: /cdx/search/cdx?url=https%3A%2F%2Fspot.wooribank.com%2Fpot%2FDream%3Fwithyou%3DFXDEP0005&from=2014&to=2014&output=json&fl=timestamp%2Coriginal%2Cstatuscode%2Cmimetype&filter=statuscode%3A200&limit=50 (Caused by NewConnectionError('<urllib3.connection.HTTPSConnection object at 0x000002EB44E9E5D0>: Failed to establish a new connection: [WinError 10061] 대상 컴퓨터에서 연결을 거부했으므로 연결하지 못했습니다'))
[2026-03-23 15:40:40] Wayback lookup failed: https://spot.wooribank.com/pot/Dream?withyou=FXDEP0005 | 2014-06-30 | HTTPSConnectionPool(host='web.archive.org', port=443): Max retries exceeded with url: /cdx/search/cdx?url=https%3A%2F%2Fspot.wooribank.com%2Fpot%2FDream%3Fwithyou%3DFXDEP0005&from=2014&to=2014&output=json&fl=timestamp%2Coriginal%2Cstatuscode%2Cmimetype&filter=statuscode%3A200&limit=50 (Caused by NewConnectionError('<urllib3.connection.HTTPSConnection object at 0x000002EB44E9F9D0>: Failed to establish a new connection: [WinError 10061] 대상 컴퓨터에서 연결을 거부했으므로 연결하지 못했습니다'))
[2026-03-23 15:41:15] Wayback lookup failed: https://spot.wooribank.com/pot/Dream?withyou=FXDEP0005 | 2014-09-30 | HTTPSConnectionPool(host='web.archive.org', port=443): Read timed out. (read timeout=30)
[2026-03-23 15:41:21] scrape_wayback_bank_once FAILED | woori | 2014-12-31 | It looks like you are using Playwright Sync API inside the asyncio loop.
Please use the Async API instead.
[2026-03-23 15:41:34] scrape_wayback_bank_once FAILED | woori | 2015-03-31 | It looks like you are using Playwright Sync API inside the asyncio loop.
Please use the Async API instead.
[2026-03-23 15:41:38] scrape_wayback_bank_once FAILED | woori | 2015-06-30 | It looks like you are using Playwright Sync API inside the asyncio loop.
Please use the Async API instead.
[2026-03-23 15:42:11] Wayback lookup failed: https://spot.wooribank.com/pot/Dream?withyou=FXDEP0005 | 2015-09-30 | HTTPSConnectionPool(host='web.archive.org', port=443): Read timed out. (read timeout=30)
[2026-03-23 15:42:21] scrape_wayback_bank_once FAILED | woori | 2015-12-31 | It looks like you are using Playwright Sync API inside the asyncio loop.
Please use the Async API instead.
[2026-03-23 15:42:54] Wayback lookup failed: https://spot.wooribank.com/pot/Dream?withyou=FXDEP0005 | 2016-03-31 | HTTPSConnectionPool(host='web.archive.org', port=443): Read timed out. (read timeout=30)
[2026-03-23 15:43:26] Wayback lookup failed: https://spot.wooribank.com/pot/Dream?withyou=FXDEP0005 | 2016-06-30 | HTTPSConnectionPool(host='web.archive.org', port=443): Read timed out. (read timeout=30)
[2026-03-23 15:43:58] Wayback lookup failed: https://spot.wooribank.com/pot/Dream?withyou=FXDEP0005 | 2016-09-30 | HTTPSConnectionPool(host='web.archive.org', port=443): Read timed out. (read timeout=30)
[2026-03-23 15:44:02] scrape_wayback_bank_once FAILED | woori | 2016-12-31 | It looks like you are using Playwright Sync API inside the asyncio loop.
Please use the Async API instead.
[2026-03-23 15:45:59] scrape_wayback_bank_once FAILED | woori | 2019-03-31 | It looks like you are using Playwright Sync API inside the asyncio loop.
Please use the Async API instead.
[2026-03-23 15:46:02] scrape_wayback_bank_once FAILED | woori | 2019-06-30 | It looks like you are using Playwright Sync API inside the asyncio loop.
Please use the Async API instead.
[2026-03-23 15:46:11] scrape_wayback_bank_once FAILED | woori | 2019-09-30 | It looks like you are using Playwright Sync API inside the asyncio loop.
Please use the Async API instead.
[2026-03-23 15:46:16] scrape_wayback_bank_once FAILED | woori | 2019-12-31 | It looks like you are using Playwright Sync API inside the asyncio loop.
Please use the Async API instead.
[2026-03-23 15:47:03] Wayback lookup failed: https://www.kebhana.com/cont/mall/mall15/mall1507/index.jsp | 2004-06-30 | HTTPSConnectionPool(host='web.archive.org', port=443): Read timed out. (read timeout=30)
[2026-03-23 15:51:50] Wayback lookup failed: https://www.kebhana.com/cont/mall/mall15/mall1507/index.jsp | 2010-03-31 | HTTPSConnectionPool(host='web.archive.org', port=443): Read timed out. (read timeout=30)
[2026-03-23 15:55:29] Wayback lookup failed: https://www.kebhana.com/cont/mall/mall15/mall1507/index.jsp | 2014-06-30 | HTTPSConnectionPool(host='web.archive.org', port=443): Read timed out. (read timeout=30)
[2026-03-23 15:56:02] Wayback lookup failed: https://www.kebhana.com/cont/mall/mall15/mall1507/index.jsp | 2014-09-30 | HTTPSConnectionPool(host='web.archive.org', port=443): Read timed out. (read timeout=30)
[2026-03-23 15:57:06] scrape_wayback_bank_once FAILED | hana_keb | 2016-03-31 | It looks like you are using Playwright Sync API inside the asyncio loop.
Please use the Async API instead.
[2026-03-23 15:57:39] Wayback lookup failed: https://www.kebhana.com/cont/mall/mall15/mall1507/index.jsp | 2016-06-30 | HTTPSConnectionPool(host='web.archive.org', port=443): Read timed out. (read timeout=30)
[2026-03-23 15:57:48] scrape_wayback_bank_once FAILED | hana_keb | 2016-09-30 | It looks like you are using Playwright Sync API inside the asyncio loop.
Please use the Async API instead.
[2026-03-23 15:57:55] scrape_wayback_bank_once FAILED | hana_keb | 2016-12-31 | It looks like you are using Playwright Sync API inside the asyncio loop.
Please use the Async API instead.
[2026-03-23 15:58:05] scrape_wayback_bank_once FAILED | hana_keb | 2017-03-31 | It looks like you are using Playwright Sync API inside the asyncio loop.
Please use the Async API instead.
[2026-03-23 15:58:09] scrape_wayback_bank_once FAILED | hana_keb | 2017-06-30 | It looks like you are using Playwright Sync API inside the asyncio loop.
Please use the Async API instead.
[2026-03-23 15:58:29] scrape_wayback_bank_once FAILED | hana_keb | 2017-09-30 | It looks like you are using Playwright Sync API inside the asyncio loop.
Please use the Async API instead.
[2026-03-23 15:58:34] scrape_wayback_bank_once FAILED | hana_keb | 2017-12-31 | It looks like you are using Playwright Sync API inside the asyncio loop.
Please use the Async API instead.
[2026-03-23 15:59:48] Wayback lookup failed: https://www.kebhana.com/cont/mall/mall15/mall1507/index.jsp | 2018-09-30 | HTTPSConnectionPool(host='web.archive.org', port=443): Read timed out. (read timeout=30)
[2026-03-23 15:59:57] scrape_wayback_bank_once FAILED | hana_keb | 2019-03-31 | It looks like you are using Playwright Sync API inside the asyncio loop.
Please use the Async API instead.
[2026-03-23 16:00:00] scrape_wayback_bank_once FAILED | hana_keb | 2019-06-30 | It looks like you are using Playwright Sync API inside the asyncio loop.
Please use the Async API instead.
[2026-03-23 16:00:07] scrape_wayback_bank_once FAILED | hana_keb | 2019-09-30 | It looks like you are using Playwright Sync API inside the asyncio loop.
Please use the Async API instead.
[2026-03-23 16:00:12] scrape_wayback_bank_once FAILED | hana_keb | 2019-12-31 | It looks like you are using Playwright Sync API inside the asyncio loop.
Please use the Async API instead.
[2026-03-23 16:00:49] Wayback lookup failed: https://banking.kdb.co.kr/bp/CBADIE06N01.act | 2005-06-30 | HTTPSConnectionPool(host='web.archive.org', port=443): Max retries exceeded with url: /cdx/search/cdx?url=https%3A%2F%2Fbanking.kdb.co.kr%2Fbp%2FCBADIE06N01.act&from=2005&to=2005&output=json&fl=timestamp%2Coriginal%2Cstatuscode%2Cmimetype&filter=statuscode%3A200&limit=50 (Caused by NewConnectionError('<urllib3.connection.HTTPSConnection object at 0x000002EB44E9F9D0>: Failed to establish a new connection: [WinError 10061] 대상 컴퓨터에서 연결을 거부했으므로 연결하지 못했습니다'))
[2026-03-23 16:00:55] Wayback lookup failed: https://banking.kdb.co.kr/bp/CBADIE06N01.act | 2005-09-30 | HTTPSConnectionPool(host='web.archive.org', port=443): Max retries exceeded with url: /cdx/search/cdx?url=https%3A%2F%2Fbanking.kdb.co.kr%2Fbp%2FCBADIE06N01.act&from=2005&to=2005&output=json&fl=timestamp%2Coriginal%2Cstatuscode%2Cmimetype&filter=statuscode%3A200&limit=50 (Caused by NewConnectionError('<urllib3.connection.HTTPSConnection object at 0x000002EB44E9E5D0>: Failed to establish a new connection: [WinError 10061] 대상 컴퓨터에서 연결을 거부했으므로 연결하지 못했습니다'))
[2026-03-23 16:00:59] Wayback lookup failed: https://banking.kdb.co.kr/bp/CBADIE06N01.act | 2005-12-31 | HTTPSConnectionPool(host='web.archive.org', port=443): Max retries exceeded with url: /cdx/search/cdx?url=https%3A%2F%2Fbanking.kdb.co.kr%2Fbp%2FCBADIE06N01.act&from=2005&to=2005&output=json&fl=timestamp%2Coriginal%2Cstatuscode%2Cmimetype&filter=statuscode%3A200&limit=50 (Caused by NewConnectionError('<urllib3.connection.HTTPSConnection object at 0x000002EB44E9E490>: Failed to establish a new connection: [WinError 10061] 대상 컴퓨터에서 연결을 거부했으므로 연결하지 못했습니다'))
[2026-03-23 16:11:56] Wayback lookup failed: https://banking.kdb.co.kr/bp/CBADIE06N01.act | 2008-09-30 | HTTPSConnectionPool(host='web.archive.org', port=443): Read timed out. (read timeout=30)
[2026-03-23 16:12:30] Wayback lookup failed: https://banking.kdb.co.kr/bp/CBADIE06N01.act | 2008-12-31 | HTTPSConnectionPool(host='web.archive.org', port=443): Read timed out. (read timeout=30)
[2026-03-23 16:13:49] Wayback lookup failed: https://banking.kdb.co.kr/bp/CBADIE06N01.act | 2010-03-31 | HTTPSConnectionPool(host='web.archive.org', port=443): Read timed out. (read timeout=30)
[2026-03-23 16:15:46] Wayback lookup failed: https://banking.kdb.co.kr/bp/CBADIE06N01.act | 2012-03-31 | HTTPSConnectionPool(host='web.archive.org', port=443): Read timed out. (read timeout=30)
[2026-03-23 16:16:19] Wayback lookup failed: https://banking.kdb.co.kr/bp/CBADIE06N01.act | 2012-06-30 | HTTPSConnectionPool(host='web.archive.org', port=443): Read timed out. (read timeout=30)
[2026-03-23 16:17:03] Wayback lookup failed: https://banking.kdb.co.kr/bp/CBADIE06N01.act | 2013-03-31 | HTTPSConnectionPool(host='web.archive.org', port=443): Read timed out. (read timeout=30)
[2026-03-23 16:17:36] Wayback lookup failed: https://banking.kdb.co.kr/bp/CBADIE06N01.act | 2013-06-30 | HTTPSConnectionPool(host='web.archive.org', port=443): Read timed out. (read timeout=30)
[2026-03-23 16:18:49] Wayback lookup failed: https://banking.kdb.co.kr/bp/CBADIE06N01.act | 2014-06-30 | HTTPSConnectionPool(host='web.archive.org', port=443): Read timed out. (read timeout=30)
[2026-03-23 16:19:26] Wayback lookup failed: https://banking.kdb.co.kr/bp/CBADIE06N01.act | 2014-12-31 | HTTPSConnectionPool(host='web.archive.org', port=443): Read timed out. (read timeout=30)
[2026-03-23 16:20:59] Wayback lookup failed: https://banking.kdb.co.kr/bp/CBADIE06N01.act | 2016-09-30 | HTTPSConnectionPool(host='web.archive.org', port=443): Read timed out. (read timeout=30)
[2026-03-23 16:22:43] Wayback lookup failed: https://banking.kdb.co.kr/bp/CBADIE06N01.act | 2018-03-31 | HTTPSConnectionPool(host='web.archive.org', port=443): Read timed out. (read timeout=30)
[2026-03-23 16:23:44] Wayback lookup failed: https://banking.kdb.co.kr/bp/CBADIE06N01.act | 2019-03-31 | HTTPSConnectionPool(host='web.archive.org', port=443): Read timed out. (read timeout=30)
